IBM Enterprise COBOL Compile Listing
PROGRAM-ID: AUDLOG
SOURCE-SHA256: 4228ad9f04c8e6ae1cf2d9d93a4304c1ea64ebfc7c1c54a5b476222d75ff1ee6
COMPILE-STATUS: SUCCESS
CALL-XREF: NONE
COPY-XREF: AUDREC
EXPANDED-SOURCE-BEGIN
       IDENTIFICATION DIVISION.
       PROGRAM-ID. AUDLOG.
       DATA DIVISION.
       WORKING-STORAGE SECTION.
       COPY AUDREC.
       LINKAGE SECTION.
       01 LK-EVENT PIC X(80).
       01 LK-RC PIC S9(4) COMP.
       PROCEDURE DIVISION USING LK-EVENT LK-RC.
       MAIN.
           MOVE LK-EVENT TO AUD-MESSAGE
           ACCEPT AUD-TIME FROM TIME
           MOVE 0 TO LK-RC
           GOBACK.
EXPANDED-SOURCE-END
